npm warn Unknown env config "http-proxy". This will stop working in the next major version of npm.

> passaporte-serra-negra-validation@0.1.0 build
> next build --webpack

▲ Next.js 16.3.4 (webpack)
✓ Running next.config.ts took 30ms
Attention: Next.js now collects completely anonymous telemetry regarding usage.
This information is used to shape Next.js' roadmap and prioritize features.
You can learn more, including how to opt-out if you'd not like to participate in this anonymous program, by visiting the following URL:
https://nextjs.org/telemetry

- Experiments (use with caution):
  · cpus: 2

  Creating an optimized production build ...
✓ Compiled successfully in 9.4s
  Running TypeScript ...
  Finished TypeScript in 6.6s ...
  Collecting page data using 2 workers ...
  Generating static pages using 2 workers (0/3) ...
✓ Generating static pages using 2 workers (3/3) in 309ms
  Finalizing page optimization ...
  Collecting build traces ...

Route (app)
┌ ƒ /
├ ƒ /_not-found
├ ƒ /admin
├ ƒ /admin/[kind]
├ ƒ /admin/[kind]/[id]
├ ƒ /admin/[kind]/[id]/preview
├ ƒ /api/tracking
├ ƒ /explorar
├ ƒ /health
├ ƒ /lugares/[slug]
├ ƒ /meu-passaporte
├ ƒ /parceiros/[slug]
├ ƒ /roteiro
├ ƒ /viagens/[tripId]/calendario
└ ƒ /viagens/[tripId]/roteiro


ƒ  (Dynamic)  server-rendered on demand

