npm warn Unknown env config "http-proxy". This will stop working in the next major version of npm.
Downloading Chrome for Testing 153.0.8010.12 (playwright chromium v1243)[2m from https://cdn.playwright.dev/builds/cft/153.0.8010.12/linux64/chrome-linux64.zip[22m
Error: Request to https://cdn.playwright.dev/builds/cft/153.0.8010.12/linux64/chrome-linux64.zip timed out after 30000ms
    at ClientRequest.<anonymous> (/workspace/scratch/3ffaff74ce21/project/LATEST/node_modules/playwright-core/lib/coreBundle.js:8793:15)
    at Object.onceWrapper (node:events:630:28)
    at ClientRequest.emit (node:events:509:28)
    at TLSSocket.emitRequestTimeout (node:_http_client:1099:9)
    at Object.onceWrapper (node:events:630:28)
    at TLSSocket.emit (node:events:521:24)
    at Socket._onTimeout (node:net:740:8)
    at Timeout.onStreamTimeout (node:internal/stream_base_commons:237:10)
    at listOnTimeout (node:internal/timers:637:11)
    at process.processTimers (node:internal/timers:571:7)
Downloading Chrome for Testing 153.0.8010.12 (playwright chromium v1243)[2m from https://cdn.playwright.dev/builds/cft/153.0.8010.12/linux64/chrome-linux64.zip[22m
Error: Request to https://cdn.playwright.dev/builds/cft/153.0.8010.12/linux64/chrome-linux64.zip timed out after 30000ms
    at ClientRequest.<anonymous> (/workspace/scratch/3ffaff74ce21/project/LATEST/node_modules/playwright-core/lib/coreBundle.js:8793:15)
    at Object.onceWrapper (node:events:630:28)
    at ClientRequest.emit (node:events:509:28)
    at TLSSocket.emitRequestTimeout (node:_http_client:1099:9)
    at Object.onceWrapper (node:events:630:28)
    at TLSSocket.emit (node:events:521:24)
    at Socket._onTimeout (node:net:740:8)
    at Timeout.onStreamTimeout (node:internal/stream_base_commons:237:10)
    at listOnTimeout (node:internal/timers:637:11)
    at process.processTimers (node:internal/timers:571:7)
Downloading Chrome for Testing 153.0.8010.12 (playwright chromium v1243)[2m from https://cdn.playwright.dev/builds/cft/153.0.8010.12/linux64/chrome-linux64.zip[22m
Error: Request to https://cdn.playwright.dev/builds/cft/153.0.8010.12/linux64/chrome-linux64.zip timed out after 30000ms
    at ClientRequest.<anonymous> (/workspace/scratch/3ffaff74ce21/project/LATEST/node_modules/playwright-core/lib/coreBundle.js:8793:15)
    at Object.onceWrapper (node:events:630:28)
    at ClientRequest.emit (node:events:509:28)
    at TLSSocket.emitRequestTimeout (node:_http_client:1099:9)
    at Object.onceWrapper (node:events:630:28)
    at TLSSocket.emit (node:events:521:24)
    at Socket._onTimeout (node:net:740:8)
    at Timeout.onStreamTimeout (node:internal/stream_base_commons:237:10)
    at listOnTimeout (node:internal/timers:637:11)
    at process.processTimers (node:internal/timers:571:7)
Downloading Chrome for Testing 153.0.8010.12 (playwright chromium v1243)[2m from https://cdn.playwright.dev/builds/cft/153.0.8010.12/linux64/chrome-linux64.zip[22m
Error: Request to https://cdn.playwright.dev/builds/cft/153.0.8010.12/linux64/chrome-linux64.zip timed out after 30000ms
    at ClientRequest.<anonymous> (/workspace/scratch/3ffaff74ce21/project/LATEST/node_modules/playwright-core/lib/coreBundle.js:8793:15)
    at Object.onceWrapper (node:events:630:28)
    at ClientRequest.emit (node:events:509:28)
    at TLSSocket.emitRequestTimeout (node:_http_client:1099:9)
    at Object.onceWrapper (node:events:630:28)
    at TLSSocket.emit (node:events:521:24)
    at Socket._onTimeout (node:net:740:8)
    at Timeout.onStreamTimeout (node:internal/stream_base_commons:237:10)
    at listOnTimeout (node:internal/timers:637:11)
    at process.processTimers (node:internal/timers:571:7)
Downloading Chrome for Testing 153.0.8010.12 (playwright chromium v1243)[2m from https://cdn.playwright.dev/builds/cft/153.0.8010.12/linux64/chrome-linux64.zip[22m
Error: Download failed: server returned code 502 body '<html>
<head>
    <title>502 Bad Gateway</title>
</head>
<body>
    <h1>502 Bad Gateway</h1>
    <p>[Errno 111] Connection refused</p>
</body>
</html>'. URL: https://cdn.playwright.dev/builds/cft/153.0.8010.12/linux64/chrome-linux64.zip
    at IncomingMessage.handleError (/workspace/scratch/3ffaff74ce21/project/LATEST/node_modules/playwright-core/lib/coreBundle.js:32551:23)
    at IncomingMessage.emit (node:events:521:24)
    at endReadableNT (node:internal/streams/readable:1736:12)
    at process.processTicksAndRejections (node:internal/process/task_queues:90:21)
Failed to install browsers
Error: Failed to download Chrome for Testing 153.0.8010.12 (playwright chromium v1243), caused by
Error: Download failure, code=1
    at ChildProcess.<anonymous> (/workspace/scratch/3ffaff74ce21/project/LATEST/node_modules/playwright-core/lib/coreBundle.js:32428:32)
    at ChildProcess.emit (node:events:509:28)
    at ChildProcess._handle.onexit (node:internal/child_process:295:12)
