npm warn Unknown env config "http-proxy". This will stop working in the next major version of npm.

> passaporte-serra-negra-validation@0.1.0 test
> node --import tsx --test tests/unit/*.test.ts

✔ signed admin role rejects forged and expired cookies (1.600831ms)
✔ editor rejects unsafe links and invalid events (3.161313ms)
✔ evidence is bound to place and date, not merely a planned item (1.320915ms)
✔ planned items never become registered visits by inference (10.055387ms)
✔ demo visit deduplication and return detection are explicit (0.725554ms)
✔ mock route is deterministic (1.935116ms)
✔ unknown weather is absent, never invented (0.415431ms)
✔ empty optional select values are absent and unknown form fields are discarded (1.967412ms)
✔ move preserves every unrelated item and original input (17.81332ms)
✔ fixed item cannot be silently changed (0.637731ms)
✔ explicit regeneration is deterministic and preserves fixed item and visits (4.885596ms)
✔ regeneration refuses losing manual choices outside new dates (1.875967ms)
✔ removal retains a recoverable item (0.456247ms)
ℹ tests 13
ℹ suites 0
ℹ pass 13
ℹ fail 0
ℹ cancelled 0
ℹ skipped 0
ℹ todo 0
ℹ duration_ms 1000.864619
